lib/destination-sections.ts(2227,13): error TS1003: Identifier expected.
lib/destination-sections.ts(2227,33): error TS1005: ':' expected.
lib/destination-sections.ts(2228,13): error TS1003: Identifier expected.
lib/destination-sections.ts(2228,29): error TS1005: ':' expected.
lib/destination-sections.ts(2230,15): error TS1003: Identifier expected.
lib/destination-sections.ts(2230,21): error TS1005: ':' expected.
lib/destination-sections.ts(2232,13): error TS1003: Identifier expected.
lib/destination-sections.ts(2232,177): error TS1005: ':' expected.
lib/destination-sections.ts(2233,13): error TS1003: Identifier expected.
lib/destination-sections.ts(2233,222): error TS1005: ':' expected.
lib/destination-sections.ts(2237,24): error TS1003: Identifier expected.
lib/destination-sections.ts(2237,36): error TS1005: ':' expected.
lib/destination-sections.ts(2237,42): error TS1003: Identifier expected.
lib/destination-sections.ts(2237,60): error TS1005: ':' expected.
lib/destination-sections.ts(2239,17): error TS1003: Identifier expected.
lib/destination-sections.ts(2239,163): error TS1005: ':' expected.
lib/destination-sections.ts(2240,17): error TS1003: Identifier expected.
lib/destination-sections.ts(2240,172): error TS1005: ':' expected.
lib/destination-sections.ts(2244,24): error TS1003: Identifier expected.
lib/destination-sections.ts(2244,39): error TS1005: ':' expected.
lib/destination-sections.ts(2244,45): error TS1003: Identifier expected.
lib/destination-sections.ts(2244,67): error TS1005: ':' expected.
lib/destination-sections.ts(2246,17): error TS1003: Identifier expected.
lib/destination-sections.ts(2246,171): error TS1005: ':' expected.
lib/destination-sections.ts(2247,17): error TS1003: Identifier expected.
lib/destination-sections.ts(2247,183): error TS1005: ':' expected.
lib/destination-sections.ts(2251,24): error TS1003: Identifier expected.
lib/destination-sections.ts(2251,35): error TS1005: ':' expected.
lib/destination-sections.ts(2251,41): error TS1003: Identifier expected.
lib/destination-sections.ts(2251,55): error TS1005: ':' expected.
lib/destination-sections.ts(2253,17): error TS1003: Identifier expected.
lib/destination-sections.ts(2253,125): error TS1005: ':' expected.
lib/destination-sections.ts(2254,17): error TS1003: Identifier expected.
lib/destination-sections.ts(2254,125): error TS1005: ':' expected.
lib/destination-sections.ts(2258,24): error TS1003: Identifier expected.
lib/destination-sections.ts(2258,41): error TS1005: ':' expected.
lib/destination-sections.ts(2258,47): error TS1003: Identifier expected.
lib/destination-sections.ts(2258,70): error TS1005: ':' expected.
lib/destination-sections.ts(2260,17): error TS1003: Identifier expected.
lib/destination-sections.ts(2260,151): error TS1005: ':' expected.
lib/destination-sections.ts(2261,17): error TS1003: Identifier expected.
lib/destination-sections.ts(2261,137): error TS1005: ':' expected.
lib/destination-sections.ts(2268,13): error TS1003: Identifier expected.
lib/destination-sections.ts(2268,31): error TS1005: ':' expected.
lib/destination-sections.ts(2269,13): error TS1003: Identifier expected.
lib/destination-sections.ts(2269,29): error TS1005: ':' expected.
lib/destination-sections.ts(2271,15): error TS1003: Identifier expected.
lib/destination-sections.ts(2271,21): error TS1005: ':' expected.
lib/destination-sections.ts(2273,13): error TS1003: Identifier expected.
lib/destination-sections.ts(2273,193): error TS1005: ':' expected.
lib/destination-sections.ts(2274,13): error TS1003: Identifier expected.
lib/destination-sections.ts(2274,187): error TS1005: ':' expected.
lib/destination-sections.ts(2278,24): error TS1003: Identifier expected.
lib/destination-sections.ts(2278,34): error TS1005: ':' expected.
lib/destination-sections.ts(2278,40): error TS1003: Identifier expected.
lib/destination-sections.ts(2278,55): error TS1005: ':' expected.
lib/destination-sections.ts(2280,17): error TS1003: Identifier expected.
lib/destination-sections.ts(2280,183): error TS1005: ':' expected.
lib/destination-sections.ts(2281,17): error TS1003: Identifier expected.
lib/destination-sections.ts(2281,165): error TS1005: ':' expected.
lib/destination-sections.ts(2285,24): error TS1003: Identifier expected.
lib/destination-sections.ts(2285,34): error TS1005: ':' expected.
lib/destination-sections.ts(2285,40): error TS1003: Identifier expected.
lib/destination-sections.ts(2285,51): error TS1005: ':' expected.
lib/destination-sections.ts(2287,17): error TS1003: Identifier expected.
lib/destination-sections.ts(2287,155): error TS1005: ':' expected.
lib/destination-sections.ts(2288,17): error TS1003: Identifier expected.
lib/destination-sections.ts(2288,168): error TS1005: ':' expected.
lib/destination-sections.ts(2295,13): error TS1003: Identifier expected.
lib/destination-sections.ts(2295,44): error TS1005: ':' expected.
lib/destination-sections.ts(2296,13): error TS1003: Identifier expected.
lib/destination-sections.ts(2296,40): error TS1005: ':' expected.
lib/destination-sections.ts(2298,15): error TS1003: Identifier expected.
lib/destination-sections.ts(2298,21): error TS1005: ':' expected.
lib/destination-sections.ts(2301,24): error TS1003: Identifier expected.
lib/destination-sections.ts(2301,54): error TS1005: ':' expected.
lib/destination-sections.ts(2301,60): error TS1003: Identifier expected.
lib/destination-sections.ts(2301,91): error TS1005: ':' expected.
lib/destination-sections.ts(2303,17): error TS1003: Identifier expected.
lib/destination-sections.ts(2303,170): error TS1005: ':' expected.
lib/destination-sections.ts(2304,17): error TS1003: Identifier expected.
lib/destination-sections.ts(2304,148): error TS1005: ':' expected.
lib/destination-sections.ts(2308,24): error TS1003: Identifier expected.
lib/destination-sections.ts(2308,50): error TS1005: ':' expected.
lib/destination-sections.ts(2308,56): error TS1003: Identifier expected.
lib/destination-sections.ts(2308,81): error TS1005: ':' expected.
lib/destination-sections.ts(2310,17): error TS1003: Identifier expected.
lib/destination-sections.ts(2310,139): error TS1005: ':' expected.
lib/destination-sections.ts(2311,17): error TS1003: Identifier expected.
lib/destination-sections.ts(2311,150): error TS1005: ':' expected.
lib/destination-sections.ts(2315,24): error TS1003: Identifier expected.
lib/destination-sections.ts(2315,40): error TS1005: ':' expected.
lib/destination-sections.ts(2315,46): error TS1003: Identifier expected.
lib/destination-sections.ts(2315,64): error TS1005: ':' expected.
lib/destination-sections.ts(2317,17): error TS1003: Identifier expected.
lib/destination-sections.ts(2317,142): error TS1005: ':' expected.
lib/destination-sections.ts(2318,17): error TS1003: Identifier expected.
lib/destination-sections.ts(2318,160): error TS1005: ':' expected.
lib/destination-sections.ts(2322,24): error TS1003: Identifier expected.
lib/destination-sections.ts(2322,40): error TS1005: ':' expected.
lib/destination-sections.ts(2322,46): error TS1003: Identifier expected.
lib/destination-sections.ts(2322,68): error TS1005: ':' expected.
lib/destination-sections.ts(2324,17): error TS1003: Identifier expected.
lib/destination-sections.ts(2324,141): error TS1005: ':' expected.
lib/destination-sections.ts(2325,17): error TS1003: Identifier expected.
lib/destination-sections.ts(2325,147): error TS1005: ':' expected.
lib/destination-sections.ts(2329,24): error TS1003: Identifier expected.
lib/destination-sections.ts(2329,56): error TS1005: ':' expected.
lib/destination-sections.ts(2329,62): error TS1003: Identifier expected.
lib/destination-sections.ts(2329,93): error TS1005: ':' expected.
lib/destination-sections.ts(2331,17): error TS1003: Identifier expected.
lib/destination-sections.ts(2331,154): error TS1005: ':' expected.
lib/destination-sections.ts(2332,17): error TS1003: Identifier expected.
lib/destination-sections.ts(2332,153): error TS1005: ':' expected.
lib/destination-sections.ts(2336,24): error TS1003: Identifier expected.
lib/destination-sections.ts(2336,37): error TS1005: ':' expected.
lib/destination-sections.ts(2336,43): error TS1003: Identifier expected.
lib/destination-sections.ts(2336,56): error TS1005: ':' expected.
lib/destination-sections.ts(2338,17): error TS1003: Identifier expected.
lib/destination-sections.ts(2338,140): error TS1005: ':' expected.
lib/destination-sections.ts(2339,17): error TS1003: Identifier expected.
lib/destination-sections.ts(2339,134): error TS1005: ':' expected.
lib/destination-sections.ts(2346,13): error TS1003: Identifier expected.
lib/destination-sections.ts(2346,26): error TS1005: ':' expected.
lib/destination-sections.ts(2347,13): error TS1003: Identifier expected.
lib/destination-sections.ts(2347,34): error TS1005: ':' expected.
lib/destination-sections.ts(2349,15): error TS1003: Identifier expected.
lib/destination-sections.ts(2349,21): error TS1005: ':' expected.
lib/destination-sections.ts(2351,13): error TS1003: Identifier expected.
lib/destination-sections.ts(2351,146): error TS1005: ':' expected.
lib/destination-sections.ts(2352,13): error TS1003: Identifier expected.
lib/destination-sections.ts(2352,155): error TS1005: ':' expected.
lib/destination-sections.ts(2356,24): error TS1003: Identifier expected.
lib/destination-sections.ts(2356,32): error TS1005: ':' expected.
lib/destination-sections.ts(2356,38): error TS1003: Identifier expected.
lib/destination-sections.ts(2356,47): error TS1005: ':' expected.
lib/destination-sections.ts(2358,17): error TS1003: Identifier expected.
lib/destination-sections.ts(2358,129): error TS1005: ':' expected.
lib/destination-sections.ts(2359,17): error TS1003: Identifier expected.
lib/destination-sections.ts(2359,155): error TS1005: ':' expected.
lib/destination-sections.ts(2363,24): error TS1003: Identifier expected.
lib/destination-sections.ts(2363,35): error TS1005: ':' expected.
lib/destination-sections.ts(2363,41): error TS1003: Identifier expected.
lib/destination-sections.ts(2363,53): error TS1005: ':' expected.
lib/destination-sections.ts(2365,17): error TS1003: Identifier expected.
lib/destination-sections.ts(2365,137): error TS1005: ':' expected.
lib/destination-sections.ts(2366,17): error TS1003: Identifier expected.
lib/destination-sections.ts(2366,136): error TS1005: ':' expected.
lib/destination-sections.ts(2370,24): error TS1003: Identifier expected.
lib/destination-sections.ts(2370,37): error TS1005: ':' expected.
lib/destination-sections.ts(2370,43): error TS1003: Identifier expected.
lib/destination-sections.ts(2370,57): error TS1005: ':' expected.
lib/destination-sections.ts(2372,17): error TS1003: Identifier expected.
lib/destination-sections.ts(2372,128): error TS1005: ':' expected.
lib/destination-sections.ts(2373,17): error TS1003: Identifier expected.
lib/destination-sections.ts(2373,129): error TS1005: ':' expected.
lib/destination-sections.ts(2377,24): error TS1003: Identifier expected.
lib/destination-sections.ts(2377,47): error TS1005: ':' expected.
lib/destination-sections.ts(2377,53): error TS1003: Identifier expected.
lib/destination-sections.ts(2377,79): error TS1005: ':' expected.
lib/destination-sections.ts(2379,17): error TS1003: Identifier expected.
lib/destination-sections.ts(2379,136): error TS1005: ':' expected.
lib/destination-sections.ts(2380,17): error TS1003: Identifier expected.
lib/destination-sections.ts(2380,127): error TS1005: ':' expected.
lib/destination-sections.ts(2387,13): error TS1003: Identifier expected.
lib/destination-sections.ts(2387,32): error TS1005: ':' expected.
lib/destination-sections.ts(2388,13): error TS1003: Identifier expected.
lib/destination-sections.ts(2388,40): error TS1005: ':' expected.
lib/destination-sections.ts(2390,15): error TS1003: Identifier expected.
lib/destination-sections.ts(2390,21): error TS1005: ':' expected.
lib/destination-sections.ts(2393,24): error TS1003: Identifier expected.
lib/destination-sections.ts(2393,45): error TS1005: ':' expected.
lib/destination-sections.ts(2393,51): error TS1003: Identifier expected.
lib/destination-sections.ts(2393,77): error TS1005: ':' expected.
lib/destination-sections.ts(2395,17): error TS1003: Identifier expected.
lib/destination-sections.ts(2395,130): error TS1005: ':' expected.
lib/destination-sections.ts(2396,17): error TS1003: Identifier expected.
lib/destination-sections.ts(2396,138): error TS1005: ':' expected.
lib/destination-sections.ts(2400,24): error TS1003: Identifier expected.
lib/destination-sections.ts(2400,41): error TS1005: ':' expected.
lib/destination-sections.ts(2400,47): error TS1003: Identifier expected.
lib/destination-sections.ts(2400,69): error TS1005: ':' expected.
lib/destination-sections.ts(2402,17): error TS1003: Identifier expected.
lib/destination-sections.ts(2402,121): error TS1005: ':' expected.
lib/destination-sections.ts(2403,17): error TS1003: Identifier expected.
lib/destination-sections.ts(2403,138): error TS1005: ':' expected.
lib/destination-sections.ts(2407,24): error TS1003: Identifier expected.
lib/destination-sections.ts(2407,37): error TS1005: ':' expected.
lib/destination-sections.ts(2407,43): error TS1003: Identifier expected.
lib/destination-sections.ts(2407,60): error TS1005: ':' expected.
lib/destination-sections.ts(2409,17): error TS1003: Identifier expected.
lib/destination-sections.ts(2409,137): error TS1005: ':' expected.
lib/destination-sections.ts(2410,17): error TS1003: Identifier expected.
lib/destination-sections.ts(2410,117): error TS1005: ':' expected.
lib/destination-sections.ts(2417,13): error TS1003: Identifier expected.
lib/destination-sections.ts(2417,29): error TS1005: ':' expected.
lib/destination-sections.ts(2418,13): error TS1003: Identifier expected.
lib/destination-sections.ts(2418,28): error TS1005: ':' expected.
lib/destination-sections.ts(2420,15): error TS1003: Identifier expected.
lib/destination-sections.ts(2420,25): error TS1005: ':' expected.
lib/destination-sections.ts(2424,17): error TS1003: Identifier expected.
lib/destination-sections.ts(2424,130): error TS1005: ':' expected.
lib/destination-sections.ts(2425,17): error TS1003: Identifier expected.
lib/destination-sections.ts(2425,141): error TS1005: ':' expected.
lib/destination-sections.ts(2430,17): error TS1003: Identifier expected.
lib/destination-sections.ts(2430,127): error TS1005: ':' expected.
lib/destination-sections.ts(2431,17): error TS1003: Identifier expected.
lib/destination-sections.ts(2431,131): error TS1005: ':' expected.
lib/destination-sections.ts(2436,17): error TS1003: Identifier expected.
lib/destination-sections.ts(2436,123): error TS1005: ':' expected.
lib/destination-sections.ts(2437,17): error TS1003: Identifier expected.
lib/destination-sections.ts(2437,129): error TS1005: ':' expected.
lib/destination-sections.ts(2444,13): error TS1003: Identifier expected.
lib/destination-sections.ts(2444,41): error TS1005: ':' expected.
lib/destination-sections.ts(2445,13): error TS1003: Identifier expected.
lib/destination-sections.ts(2445,51): error TS1005: ':' expected.
lib/destination-sections.ts(2447,15): error TS1003: Identifier expected.
lib/destination-sections.ts(2447,20): error TS1005: ':' expected.
lib/destination-sections.ts(2450,24): error TS1003: Identifier expected.
lib/destination-sections.ts(2450,50): error TS1005: ':' expected.
lib/destination-sections.ts(2450,56): error TS1003: Identifier expected.
lib/destination-sections.ts(2450,82): error TS1005: ':' expected.
lib/destination-sections.ts(2452,17): error TS1003: Identifier expected.
lib/destination-sections.ts(2452,128): error TS1005: ':' expected.
lib/destination-sections.ts(2453,17): error TS1003: Identifier expected.
lib/destination-sections.ts(2453,137): error TS1005: ':' expected.
lib/destination-sections.ts(2457,24): error TS1003: Identifier expected.
lib/destination-sections.ts(2457,42): error TS1005: ':' expected.
lib/destination-sections.ts(2457,48): error TS1003: Identifier expected.
lib/destination-sections.ts(2457,73): error TS1005: ':' expected.
lib/destination-sections.ts(2459,17): error TS1003: Identifier expected.
lib/destination-sections.ts(2459,128): error TS1005: ':' expected.
lib/destination-sections.ts(2460,17): error TS1003: Identifier expected.
lib/destination-sections.ts(2460,133): error TS1005: ':' expected.
lib/destination-sections.ts(2464,24): error TS1003: Identifier expected.
lib/destination-sections.ts(2464,62): error TS1005: ':' expected.
lib/destination-sections.ts(2464,68): error TS1003: Identifier expected.
lib/destination-sections.ts(2464,114): error TS1005: ':' expected.
lib/destination-sections.ts(2466,17): error TS1003: Identifier expected.
lib/destination-sections.ts(2466,88): error TS1005: ':' expected.
lib/destination-sections.ts(2467,17): error TS1003: Identifier expected.
lib/destination-sections.ts(2467,103): error TS1005: ':' expected.
lib/destination-sections.ts(2472,3): error TS1128: Declaration or statement expected.
lib/destination-sections.ts(2472,4): error TS1128: Declaration or statement expected.
lib/destination-sections.ts(2843,9): error TS1005: ';' expected.
lib/destination-sections.ts(3211,1): error TS1109: Expression expected.
